---
source: src/tests.rs
expression: content
---
┌fetris──────────────┐┌Next────────┐
│                    ││            │
│  LEVEL 999         ││  [][]      │
│                    ││  [][]      │
│  Time:             ││            │
│  01:30.500         │└────────────┘
│                    │┌Stats───────┐
│                    ││            │
│                    ││Level: 999  │
│                    ││Lines: 100  │
│                    ││01:30.500   │
│                    ││            │
│                    ││←→  move    │
│                    ││x   rotate ↻│
│                    ││z   rotate ↺│
│                    ││↓   soft dro│
│                    ││SPC hard dro│
│                    ││q  quit     │
│                    ││            │
│                    ││            │
│                    ││            │
└────────────────────┘└────────────┘
